// Jest Snapshot v1, https://goo.gl/fbAQLP

exports[`Loading renders correctly 1`] = `
Object {
  "asFragment": [Function],
  "baseElement": .c0 {
  position: absolute;
  top: calc(50% - 20px);
  left: calc(50% - 20px);
}

.c1 {
  width: 40px;
  height: 40px;
  position: relative;
}

.c2 {
  width: 100%;
  height: 100%;
  border-radius: 50%;
  background-color: #ffe81f;
  opacity: 0.6;
  position: absolute;
  top: 0;
  left: 0;
  -webkit-animation: eogrdy 2s infinite ease-in-out;
  animation: eogrdy 2s infinite ease-in-out;
}

.c3 {
  width: 100%;
  height: 100%;
  border-radius: 50%;
  background-color: #ffe81f;
  opacity: 0.6;
  position: absolute;
  top: 0;
  left: 0;
  -webkit-animation: eogrdy 2s infinite ease-in-out;
  animation: eogrdy 2s infinite ease-in-out;
  -webkit-animation-delay: -1s;
  animation-delay: -1s;
}

<body>
    <div>
      <div
        class="c0"
      >
        <div
          class="c1"
        >
          <div
            class="c2"
          />
          <div
            class="c3"
          />
        </div>
      </div>
    </div>
  </body>,
  "container": <div>
    <div
      class="sc-bdVaJa kMUEOT"
    >
      <div
        class="sc-bwzfXH kxqXaa"
      >
        <div
          class="sc-htpNat iQoukG"
        />
        <div
          class="sc-htpNat sc-bxivhb gJFXHR"
        />
      </div>
    </div>
  </div>,
  "debug": [Function],
  "findAllByAltText": [Function],
  "findAllByDisplayValue": [Function],
  "findAllByLabelText": [Function],
  "findAllByPlaceholderText": [Function],
  "findAllByRole": [Function],
  "findAllByTestId": [Function],
  "findAllByText": [Function],
  "findAllByTitle": [Function],
  "findByAltText": [Function],
  "findByDisplayValue": [Function],
  "findByLabelText": [Function],
  "findByPlaceholderText": [Function],
  "findByRole": [Function],
  "findByTestId": [Function],
  "findByText": [Function],
  "findByTitle": [Function],
  "getAllByAltText": [Function],
  "getAllByDisplayValue": [Function],
  "getAllByLabelText": [Function],
  "getAllByPlaceholderText": [Function],
  "getAllByRole": [Function],
  "getAllByTestId": [Function],
  "getAllByText": [Function],
  "getAllByTitle": [Function],
  "getByAltText": [Function],
  "getByDisplayValue": [Function],
  "getByLabelText": [Function],
  "getByPlaceholderText": [Function],
  "getByRole": [Function],
  "getByTestId": [Function],
  "getByText": [Function],
  "getByTitle": [Function],
  "queryAllByAltText": [Function],
  "queryAllByDisplayValue": [Function],
  "queryAllByLabelText": [Function],
  "queryAllByPlaceholderText": [Function],
  "queryAllByRole": [Function],
  "queryAllByTestId": [Function],
  "queryAllByText": [Function],
  "queryAllByTitle": [Function],
  "queryByAltText": [Function],
  "queryByDisplayValue": [Function],
  "queryByLabelText": [Function],
  "queryByPlaceholderText": [Function],
  "queryByRole": [Function],
  "queryByTestId": [Function],
  "queryByText": [Function],
  "queryByTitle": [Function],
  "rerender": [Function],
  "unmount": [Function],
}
`;
